
==== Installer Test Tool Session Started: 2026-10-06 10:13:05 ====
2026-10-06 10:13:05 [INFO] [Launch] Startup initiated
2026-10-06 10:13:05 [INFO] [Launch] Script root resolved: C:\PackagingSandbox\InstallerTool
2026-10-06 10:13:05 [INFO] [Launch] Runtime initialized
2026-10-06 10:13:05 [INFO] [Launch] Configuration loaded successfully
2026-10-06 10:13:05 [INFO] [Launch] Bootstrap module loaded: Write-Log.ps1
2026-10-06 10:13:05 [INFO] [Launch] Bootstrap module loaded: Initialize-Environment.ps1
2026-10-06 10:13:05 [INFO] [Launch] Bootstrap module loaded: Read-Config.ps1
2026-10-06 10:13:05 [INFO] [Launch] Bootstrap module loaded: Initialize-Logging.ps1
2026-10-06 10:13:05 [INFO] [Launch] Bootstrap module loaded: Show-Header.ps1
2026-10-06 10:13:05 [INFO] [Launch] Loaded module: Compare-InstallDirectorySnapshots.ps1
2026-10-06 10:13:05 [INFO] [Launch] Loaded module: Compare-RegistrySnapshots.ps1
2026-10-06 10:13:05 [INFO] [Launch] Loaded module: Create-IntuneDetectionscript.ps1
2026-10-06 10:13:05 [INFO] [Launch] Loaded module: Create-IntuneRequirementsScript.ps1
2026-10-06 10:13:07 [WARN] [Launch] Module file 'Create-IntuneRequirementsScript.ps1' was loaded but no matching function 'Create-IntuneRequirementsScript' was found.
2026-10-06 10:13:07 [INFO] [Launch] Loaded module: Export-installedapplicationicons.ps1
2026-10-06 10:13:07 [INFO] [Launch] Loaded module: Export-IntuneWinCommandFiles.ps1
2026-10-06 10:13:07 [INFO] [Launch] Loaded module: Get-InstallerCandidates.ps1
2026-10-06 10:13:07 [INFO] [Launch] Loaded module: Get-InstallerMetadata.ps1
2026-10-06 10:13:07 [INFO] [Launch] Loaded module: Get-NewUninstallEntries.ps1
2026-10-06 10:13:07 [INFO] [Launch] Loaded module: Get-RecommendedInstallCommand.ps1
2026-10-06 10:13:07 [INFO] [Launch] Loaded module: Get-RecommendedUninstallCommand.ps1
2026-10-06 10:13:08 [INFO] [Launch] Loaded module: Invoke-InstallTest.ps1
2026-10-06 10:13:08 [INFO] [Launch] Loaded module: Invoke-UninstallTest.ps1
2026-10-06 10:13:08 [INFO] [Launch] Loaded module: New-InstallDirectorySnapshot.ps1
2026-10-06 10:13:08 [INFO] [Launch] Loaded module: New-IntuneWinPackage.ps1
2026-10-06 10:13:08 [INFO] [Launch] Loaded module: New-IssResponseFile.ps1
2026-10-06 10:13:08 [INFO] [Launch] Loaded module: New-RegistrySnapshot.ps1
2026-10-06 10:13:08 [INFO] [Launch] Loaded module: Read-YesNo.ps1
2026-10-06 10:13:08 [INFO] [Launch] Loaded module: Save-RunArtifacts.ps1
2026-10-06 10:13:08 [INFO] [Launch] Loaded module: Select-InstallerCandidate.ps1
2026-10-06 10:13:08 [INFO] [Launch] Loaded module: Select-UninstallEntry.ps1
2026-10-06 10:13:08 [INFO] [Launch] Loaded module: Show-Menu.ps1
2026-10-06 10:13:08 [INFO] [Launch] Loaded module: Show-RunSummary.ps1
2026-10-06 10:13:08 [INFO] [New-RegistrySnapshot] Starting registry snapshot: PreInstall for HKLM:\SOFTWARE\Microsoft\Windows\CurrentVersion\Uninstall
2026-10-06 10:13:08 [INFO] [New-RegistrySnapshot] Collected 13 entries from HKLM:\SOFTWARE\Microsoft\Windows\CurrentVersion\Uninstall
2026-10-06 10:13:08 [INFO] [New-RegistrySnapshot] Wrote registry snapshot to C:\PackagingSandbox\InstallerTool\Output\Reg_PreInstall.json
2026-10-06 10:13:08 [INFO] [New-RegistrySnapshot] Starting registry snapshot: PreInstall for HKLM:\SOFTWARE\WOW6432Node\Microsoft\Windows\CurrentVersion\Uninstall
2026-10-06 10:13:08 [INFO] [New-RegistrySnapshot] Collected 13 entries from HKLM:\SOFTWARE\WOW6432Node\Microsoft\Windows\CurrentVersion\Uninstall
2026-10-06 10:13:09 [INFO] [New-RegistrySnapshot] Wrote registry snapshot to C:\PackagingSandbox\InstallerTool\Output\Reg_WOW6432NODE_PreInstall.json
2026-10-06 10:13:09 [INFO] [New-InstallDirectorySnapshot] Starting install directory snapshot: PreInstall
2026-10-06 10:13:09 [INFO] [New-InstallDirectorySnapshot] Reading path: C:\Program Files
2026-10-06 10:13:09 [INFO] [New-InstallDirectorySnapshot] Reading path: C:\Program Files (x86)
2026-10-06 10:13:09 [INFO] [New-InstallDirectorySnapshot] Reading path: C:\ProgramData
2026-10-06 10:13:09 [INFO] [New-InstallDirectorySnapshot] Collected 14 top-level entries from C:\Program Files
2026-10-06 10:13:09 [INFO] [New-InstallDirectorySnapshot] Collected 12 top-level entries from C:\Program Files (x86)
2026-10-06 10:13:09 [INFO] [New-InstallDirectorySnapshot] Collected 11 top-level entries from C:\ProgramData
2026-10-06 10:13:09 [INFO] [New-InstallDirectorySnapshot] Wrote install directory snapshot to C:\PackagingSandbox\InstallerTool\Output\InstallDirectory_PreInstall.json
2026-10-06 10:13:09 [INFO] [Get-InstallerCandidates] Starting installer discovery under C:\PackagingSandbox\InstallerTool
2026-10-06 10:13:09 [INFO] [Get-InstallerCandidates] Excluded file names: Launch.ps1, Launch.bat, IntuneWinAppUtil.exe
2026-10-06 10:13:09 [INFO] [Get-InstallerCandidates] Excluded directories: Modules, Config, Output
2026-10-06 10:13:09 [INFO] [Get-InstallerCandidates] Found 5 installer candidates
2026-10-06 10:13:09 [INFO] [Get-InstallerCandidates] Candidate: C:\PackagingSandbox\InstallerTool\Installers\7z2603-x64.msi
2026-10-06 10:13:09 [INFO] [Get-InstallerCandidates] Candidate: C:\PackagingSandbox\InstallerTool\Installers\BannerSafety.exe
2026-10-06 10:13:09 [INFO] [Get-InstallerCandidates] Candidate: C:\PackagingSandbox\InstallerTool\Installers\ClientSetup.exe
2026-10-06 10:13:09 [INFO] [Get-InstallerCandidates] Candidate: C:\PackagingSandbox\InstallerTool\Installers\ebhelper.exe
2026-10-06 10:13:09 [INFO] [Get-InstallerCandidates] Candidate: C:\PackagingSandbox\InstallerTool\Installers\Microsoft.WindowsAppRuntime.1.6_6000.457.2140.0_x64__8wekyb3d8bbwe.Msix
2026-10-06 10:13:09 [INFO] [Show-Menu] Displayed menu: Select the software you'd like to test:
